---
source: crates/fscript-lexer/src/lib.rs
expression: "format_lexed(&result.tokens, &result.diagnostics)"
---
tokens:
- Import (0, 6)
- Whitespace (6, 7)
- Identifier (7, 12)
- Whitespace (12, 13)
- From (13, 17)
- Whitespace (17, 18)
- StringLiteral (18, 29)
- Whitespace (29, 30)
- Identifier (30, 36)
- Whitespace (36, 37)
- Assign (37, 38)
- Whitespace (38, 39)
- LeftBracket (39, 40)
- NumberLiteral (40, 41)
- Comma (41, 42)
- Whitespace (42, 43)
- NumberLiteral (43, 44)
- Comma (44, 45)
- Whitespace (45, 46)
- StringLiteral (46, 49)
- RightBracket (49, 50)
- Whitespace (50, 51)
- Pipe (51, 53)
- Whitespace (53, 54)
- Identifier (54, 59)
- Dot (59, 60)
- Identifier (60, 63)
- LeftParen (63, 64)
- LeftParen (64, 65)
- Identifier (65, 70)
- Colon (70, 71)
- Whitespace (71, 72)
- NumberType (72, 78)
- RightParen (78, 79)
- Colon (79, 80)
- Whitespace (80, 81)
- NumberType (81, 87)
- Whitespace (87, 88)
- Arrow (88, 90)
- Whitespace (90, 91)
- Identifier (91, 96)
- Whitespace (96, 97)
- Plus (97, 98)
- Whitespace (98, 99)
- NumberLiteral (99, 100)
- RightParen (100, 101)
- Whitespace (101, 102)
- Identifier (102, 108)
- Whitespace (108, 109)
- Assign (109, 110)
- Whitespace (110, 111)
- Whitespace (115, 116)
diagnostics:
- InvalidEscape('x') (112, 115)
