---
source: crates/fscript-cli/tests/cli.rs
expression: "normalize_snapshot(&String::from_utf8_lossy(&output.stdout))"
---
FScript compiler and tooling

Usage: fscript [COMMAND]

Commands:
  check    Typecheck and validate a source file
  run      Run an FScript entrypoint
  compile  Compile an FScript entrypoint to a native executable
  version  Show version and build information
  help     Print this message or the help of the given subcommand(s)

Options:
  -h, --help  Print help
